// Jest Snapshot v1, https://goo.gl/fbAQLP

exports[`Home Component matches snapshot 1`] = `
<HeaderLayout
  headerShown={true}
  headerTitle="My WatchList"
  innerStyle={
    Object {
      "backgroundColor": "#fff",
      "flex": 1,
      "paddingHorizontal": 16,
    }
  }
  showArrow={false}
>
  <Spacer
    height={20}
  />
  <SearchBar
    onCancel={[MockFunction]}
    onSearch={[MockFunction]}
  />
  <RCTScrollView
    ItemSeparatorComponent="ListItemSeparator"
    data={Array []}
    getItem={[Function]}
    getItemCount={[Function]}
    keyExtractor={[Function]}
    onContentSizeChange={[Function]}
    onLayout={[Function]}
    onMomentumScrollBegin={[Function]}
    onMomentumScrollEnd={[Function]}
    onScroll={[Function]}
    onScrollBeginDrag={[Function]}
    onScrollEndDrag={[Function]}
    removeClippedSubviews={false}
    renderItem={[Function]}
    scrollEventThrottle={50}
    showsVerticalScrollIndicator={false}
    stickyHeaderIndices={Array []}
    viewabilityConfigCallbackPairs={Array []}
  >
    <View />
  </RCTScrollView>
</HeaderLayout>
`;
